// Jest Snapshot v1, https://goo.gl/fbAQLP

exports[`Testing <Fade /> component renders as expected 1`] = `
<View
  collapsable={undefined}
  style={
    Object {
      "opacity": 0,
      "transform": Array [
        Object {
          "scale": 1.1,
        },
      ],
    }
  }
  visible={false}
/>
`;
