// Jest Snapshot v1, https://goo.gl/fbAQLP

exports[`Testing <ListOfUsers /> component renders as expected 1`] = `
<View
  style={
    Object {
      "backgroundColor": "#fafafa",
      "flex": 1,
      "flexDirection": "column",
      "position": "relative",
    }
  }
>
  <RCTScrollView
    contentContainerStyle={
      Object {
        "flexGrow": 1,
      }
    }
    showsVerticalScrollIndicator={false}
  >
    <View>
      <View
        style={
          Array [
            Object {
              "backgroundColor": "#fafafa",
              "flex": 1,
              "flexDirection": "column",
              "position": "relative",
            },
            Object {
              "alignItems": "center",
              "flex": 1,
              "flexDirection": "row",
              "justifyContent": "center",
              "padding": 30,
            },
          ]
        }
      >
        <Text
          accessible={true}
          allowFontScaling={false}
          ellipsizeMode="tail"
          style={
            Array [
              Object {
                "color": "#8F9CAE",
                "fontSize": 33,
              },
              undefined,
              Object {
                "fontFamily": "Feather",
                "fontStyle": "normal",
                "fontWeight": "normal",
              },
            ]
          }
        >
          
        </Text>
      </View>
    </View>
  </RCTScrollView>
  <View
    accessibilityComponentType={undefined}
    accessibilityLabel={undefined}
    accessibilityTraits={undefined}
    accessible={true}
    collapsable={undefined}
    hasTVPreferredFocus={undefined}
    hitSlop={undefined}
    isTVSelectable={true}
    nativeID={undefined}
    onLayout={undefined}
    onResponderGrant={[Function]}
    onResponderMove={[Function]}
    onResponderRelease={[Function]}
    onResponderTerminate={[Function]}
    onResponderTerminationRequest={[Function]}
    onStartShouldSetResponder={[Function]}
    style={
      Object {
        "backgroundColor": "#6482e6",
        "borderRadius": 300,
        "bottom": 0,
        "elevation": 3,
        "flex": 1,
        "margin": 25,
        "opacity": 1,
        "padding": 20,
        "position": "absolute",
        "right": 0,
      }
    }
    testID={undefined}
    tvParallaxProperties={undefined}
  >
    <Text
      accessible={true}
      allowFontScaling={false}
      ellipsizeMode="tail"
      style={
        Array [
          Object {
            "color": "white",
            "fontSize": 20,
          },
          undefined,
          Object {
            "fontFamily": "Feather",
            "fontStyle": "normal",
            "fontWeight": "normal",
          },
        ]
      }
    >
      
    </Text>
  </View>
</View>
`;
