// Jest Snapshot v1, https://goo.gl/fbAQLP

exports[`Testing <PatientMainScreen /> component renders as expected 1`] = `
<RCTScrollView
  showsVerticalScrollIndicator={false}
>
  <View>
    <View
      style={
        Object {
          "alignItems": "center",
          "flexDirection": "column",
          "justifyContent": "flex-start",
        }
      }
    >
      <View
        style={
          Array [
            Object {
              "alignItems": "center",
              "alignSelf": "center",
              "flexDirection": "column",
              "paddingTop": 20,
            },
            Object {
              "width": "95%",
            },
          ]
        }
      />
    </View>
  </View>
</RCTScrollView>
`;
