// Jest Snapshot v1, https://goo.gl/fbAQLP

exports[`Testing <Statistics /> component renders as expected 1`] = `
<View
  style={
    Object {
      "alignItems": "center",
      "backgroundColor": "white",
      "flex": 1,
      "flexDirection": "column",
      "justifyContent": "space-between",
    }
  }
>
  <RCTScrollView
    showsVerticalScrollIndicator={false}
  >
    <View>
      <View
        style={
          Object {
            "alignItems": "center",
            "flexDirection": "row",
            "justifyContent": "space-between",
          }
        }
      >
        <View
          accessibilityComponentType={undefined}
          accessibilityLabel={undefined}
          accessibilityTraits={undefined}
          accessible={true}
          collapsable={undefined}
          hasTVPreferredFocus={undefined}
          hitSlop={undefined}
          isTVSelectable={true}
          nativeID={undefined}
          onLayout={undefined}
          onResponderGrant={[Function]}
          onResponderMove={[Function]}
          onResponderRelease={[Function]}
          onResponderTerminate={[Function]}
          onResponderTerminationRequest={[Function]}
          onStartShouldSetResponder={[Function]}
          style={
            Object {
              "backgroundColor": "#E67D8F",
              "borderRadius": 50,
              "elevation": 5,
              "flex": 1,
              "marginBottom": 30,
              "marginLeft": 20,
              "marginRight": 20,
              "marginTop": 30,
              "maxWidth": 100,
              "opacity": 1,
            }
          }
          testID={undefined}
          tvParallaxProperties={undefined}
        >
          <Text
            accessible={true}
            allowFontScaling={true}
            ellipsizeMode="tail"
            style={
              Array [
                Object {
                  "fontWeight": "bold",
                  "padding": 10,
                  "textAlign": "center",
                },
                Object {
                  "color": "white",
                },
              ]
            }
          >
            Day
          </Text>
        </View>
        <View
          accessibilityComponentType={undefined}
          accessibilityLabel={undefined}
          accessibilityTraits={undefined}
          accessible={true}
          collapsable={undefined}
          hasTVPreferredFocus={undefined}
          hitSlop={undefined}
          isTVSelectable={true}
          nativeID={undefined}
          onLayout={undefined}
          onResponderGrant={[Function]}
          onResponderMove={[Function]}
          onResponderRelease={[Function]}
          onResponderTerminate={[Function]}
          onResponderTerminationRequest={[Function]}
          onStartShouldSetResponder={[Function]}
          style={
            Object {
              "flex": 1,
              "marginBottom": 30,
              "marginLeft": 20,
              "marginRight": 20,
              "marginTop": 30,
              "maxWidth": 100,
              "opacity": 1,
            }
          }
          testID={undefined}
          tvParallaxProperties={undefined}
        >
          <Text
            accessible={true}
            allowFontScaling={true}
            ellipsizeMode="tail"
            style={
              Array [
                Object {
                  "fontWeight": "bold",
                  "padding": 10,
                  "textAlign": "center",
                },
                Object {
                  "color": "#909aae",
                },
              ]
            }
          >
            Month
          </Text>
        </View>
        <View
          accessibilityComponentType={undefined}
          accessibilityLabel={undefined}
          accessibilityTraits={undefined}
          accessible={true}
          collapsable={undefined}
          hasTVPreferredFocus={undefined}
          hitSlop={undefined}
          isTVSelectable={true}
          nativeID={undefined}
          onLayout={undefined}
          onResponderGrant={[Function]}
          onResponderMove={[Function]}
          onResponderRelease={[Function]}
          onResponderTerminate={[Function]}
          onResponderTerminationRequest={[Function]}
          onStartShouldSetResponder={[Function]}
          style={
            Object {
              "flex": 1,
              "marginBottom": 30,
              "marginLeft": 20,
              "marginRight": 20,
              "marginTop": 30,
              "maxWidth": 100,
              "opacity": 1,
            }
          }
          testID={undefined}
          tvParallaxProperties={undefined}
        >
          <Text
            accessible={true}
            allowFontScaling={true}
            ellipsizeMode="tail"
            style={
              Array [
                Object {
                  "fontWeight": "bold",
                  "padding": 10,
                  "textAlign": "center",
                },
                Object {
                  "color": "#909aae",
                },
              ]
            }
          >
            Year
          </Text>
        </View>
      </View>
      <View
        style={
          Object {
            "height": 300,
            "width": 750,
          }
        }
      >
        <View
          style={
            Object {
              "flex": 1,
            }
          }
        >
          <RCTWebView
            allowsInlineMediaPlayback={undefined}
            automaticallyAdjustContentInsets={false}
            bounces={undefined}
            contentInset={undefined}
            dataDetectorTypes={undefined}
            decelerationRate={undefined}
            injectedJavaScript={undefined}
            mediaPlaybackRequiresUserAction={undefined}
            messagingEnabled={false}
            onLoadingError={[Function]}
            onLoadingFinish={[Function]}
            onLoadingStart={[Function]}
            onMessage={[Function]}
            onShouldStartLoadWithRequest={undefined}
            scalesPageToFit={false}
            scrollEnabled={false}
            source={
              Object {
                "baseUrl": "web/",
                "html": "<html>
                    <meta name=\\"viewport\\" content=\\"width=device-width, initial-scale=1, user-scalable=0\\" />
                    <style media=\\"screen\\" type=\\"text/css\\">
                    #container {
                        width:100%;
                        height:100%;
                        top:0;
                        left:0;
                        right:0;
                        bottom:0;
                        position:absolute;
                        user-select: none;
                        -webkit-user-select: none;
                    }
                    </style>
                    <head>
                        <script src=\\"https://code.jquery.com/jquery-2.1.4.min.js\\"></script>
                        <script src=\\"https://code.highcharts.com/highcharts.js\\"></script>
                        
                        
                        <script src=\\"https://code.highcharts.com/modules/exporting.js\\"></script>
                        <script>
                        $(function () {
                            Highcharts.setOptions(undefined);
                            Highcharts.chart('container', {title: {text: \\"\\", style: {display: \\"none\\"}}, xAxis: {title: {text: \\"\\"}, type: \\"datetime\\", dateTimeLabelFormats: {day: \\"%e of %b\\"}, lineWidth: 0, minorGridLineWidth: 0, minorTickLength: 0, tickLength: 0, lineColor: \\"transparent\\", labels: {style: {color: \\"#959bad\\"}}}, yAxis: {title: {text: \\"\\"}, labels: {style: {color: \\"#959bad\\"}}, gridLineColor: \\"rgba(188, 202, 208, 0.5)\\"}, legend: {enabled: false}, exporting: {enabled: false}, credits: {enabled: false}, plotOptions: {series: {color: \\"#E67D8F\\", lineWidth: 2, shadow: true}, line: {marker: {enabled: true}}}, series: [{type: \\"spline\\", data: [29.9, 71.5, 106.4, 129.2, 144, 176, 135.6, 148.5, 216.4, 194.1, 95.6, 54.4], pointStart: 1262304000000, pointInterval: 86400000}]}           );
                        });
                        </script>
                    </head>
                    <body>
                        <div id=\\"container\\">
                        </div>
                    </body>
                </html>",
              }
            }
            style={
              Array [
                Object {
                  "flex": 1,
                },
                Object {
                  "backgroundColor": "#ffffff",
                },
                Object {
                  "height": 300,
                  "width": 750,
                },
              ]
            }
          />
        </View>
      </View>
      <View
        style={
          Object {
            "alignItems": "center",
            "flexDirection": "row",
            "justifyContent": "space-between",
          }
        }
      >
        <View
          style={
            Object {
              "flexDirection": "column",
              "marginBottom": 30,
              "marginLeft": 20,
              "marginRight": 20,
              "padding": 10,
            }
          }
        >
          <Text
            accessible={true}
            allowFontScaling={true}
            ellipsizeMode="tail"
            style={
              Object {
                "color": "#909aae",
                "fontSize": 19,
                "fontWeight": "bold",
                "textAlign": "center",
              }
            }
          >
            Min
          </Text>
          <Text
            accessible={true}
            allowFontScaling={true}
            ellipsizeMode="tail"
            style={
              Array [
                Object {
                  "color": "#909aae",
                  "fontSize": 19,
                  "fontWeight": "bold",
                  "textAlign": "center",
                },
                Object {
                  "color": "#d0d4db",
                  "fontSize": 29,
                  "marginTop": 10,
                },
              ]
            }
          >
            50
          </Text>
        </View>
        <View
          style={
            Object {
              "flexDirection": "column",
              "marginBottom": 30,
              "marginLeft": 20,
              "marginRight": 20,
              "padding": 10,
            }
          }
        >
          <Text
            accessible={true}
            allowFontScaling={true}
            ellipsizeMode="tail"
            style={
              Object {
                "color": "#909aae",
                "fontSize": 19,
                "fontWeight": "bold",
                "textAlign": "center",
              }
            }
          >
            Max
          </Text>
          <Text
            accessible={true}
            allowFontScaling={true}
            ellipsizeMode="tail"
            style={
              Array [
                Object {
                  "color": "#909aae",
                  "fontSize": 19,
                  "fontWeight": "bold",
                  "textAlign": "center",
                },
                Object {
                  "color": "#d0d4db",
                  "fontSize": 29,
                  "marginTop": 10,
                },
              ]
            }
          >
            150
          </Text>
        </View>
        <View
          style={
            Object {
              "flexDirection": "column",
              "marginBottom": 30,
              "marginLeft": 20,
              "marginRight": 20,
              "padding": 10,
            }
          }
        >
          <Text
            accessible={true}
            allowFontScaling={true}
            ellipsizeMode="tail"
            style={
              Object {
                "color": "#909aae",
                "fontSize": 19,
                "fontWeight": "bold",
                "textAlign": "center",
              }
            }
          >
            Avg
          </Text>
          <Text
            accessible={true}
            allowFontScaling={true}
            ellipsizeMode="tail"
            style={
              Array [
                Object {
                  "color": "#909aae",
                  "fontSize": 19,
                  "fontWeight": "bold",
                  "textAlign": "center",
                },
                Object {
                  "color": "#d0d4db",
                  "fontSize": 29,
                  "marginTop": 10,
                },
              ]
            }
          >
            112
          </Text>
        </View>
      </View>
    </View>
  </RCTScrollView>
</View>
`;
